
Memory Configuration

Name             Origin             Length             Attributes
FLASH            0x0000000008000000 0x0000000000010000 xr
RESULT_SRAM      0x0000000020000000 0x0000000000000004 xrw
SRAM             0x0000000020000004 0x0000000000004ffc xrw
*default*        0x0000000000000000 0xffffffffffffffff

Linker script and memory map


.text           0x0000000008000000      0x780
 *(.isr_vector)
 .isr_vector    0x0000000008000000      0x188 ../output/gpio_TS_003/env.o
                0x0000000008000000                vectors
 *(.text)
 .text          0x0000000008000188       0xe4 ../output/gpio_TS_003/gpio.o
                0x0000000008000188                GPIO_InitPC13
                0x00000000080001cc                GPIO_InitPA0
                0x0000000008000210                GPIO_SetPinPC13
                0x000000000800022c                GPIO_ResetPinPC13
                0x0000000008000248                GPIO_ReadPinPA0
 .text          0x000000000800026c        0xe ../output/gpio_TS_003/gpio_TS_003.o
                0x000000000800026c                main
 .text          0x000000000800027a       0x26 ../output/gpio_TS_003/gpio_TC_003.o
                0x000000000800027a                GPIO_TC_003
 .text          0x00000000080002a0       0x40 ../output/gpio_TS_003/result.o
                0x00000000080002a0                CHECK_RESULT
                0x00000000080002c8                RESET_RESULT
 .text          0x00000000080002e0      0x4a0 ../output/gpio_TS_003/env.o
                0x00000000080002e0                Reset_Handler
                0x0000000008000364                Default_Handler
                0x000000000800036a                NMI_Handler
                0x0000000008000370                HardFault_Handler
                0x0000000008000376                MemManage_Handler
                0x000000000800037c                BusFault_Handler
                0x0000000008000382                UsageFault_Handler
                0x0000000008000388                SVC_Handler
                0x000000000800038e                DebugMon_Handler
                0x0000000008000394                PendSV_Handler
                0x000000000800039a                SysTick_Handler
                0x00000000080003a6                WWDG_IRQHandler
                0x00000000080003b2                PVD_IRQHandler
                0x00000000080003be                TAMP_STAMP_IRQHandler
                0x00000000080003ca                RTC_WKUP_IRQHandler
                0x00000000080003d6                FLASH_IRQHandler
                0x00000000080003e2                RCC_IRQHandler
                0x00000000080003ee                EXTI0_IRQHandler
                0x00000000080003fa                EXTI1_IRQHandler
                0x0000000008000406                EXTI2_IRQHandler
                0x0000000008000412                EXTI3_IRQHandler
                0x000000000800041e                EXTI4_IRQHandler
                0x000000000800042a                DMA1_Stream0_IRQHandler
                0x0000000008000436                DMA1_Stream1_IRQHandler
                0x0000000008000442                DMA1_Stream2_IRQHandler
                0x000000000800044e                DMA1_Stream3_IRQHandler
                0x000000000800045a                DMA1_Stream4_IRQHandler
                0x0000000008000466                DMA1_Stream5_IRQHandler
                0x0000000008000472                DMA1_Stream6_IRQHandler
                0x000000000800047e                ADC_IRQHandler
                0x000000000800048a                CAN1_TX_IRQHandler
                0x0000000008000496                CAN1_RX0_IRQHandler
                0x00000000080004a2                CAN1_RX1_IRQHandler
                0x00000000080004ae                CAN1_SCE_IRQHandler
                0x00000000080004ba                EXTI9_5_IRQHandler
                0x00000000080004c6                TIM1_BRK_TIM9_IRQHandler
                0x00000000080004d2                TIM1_UP_TIM10_IRQHandler
                0x00000000080004de                TIM1_TRG_COM_TIM11_IRQHandler
                0x00000000080004ea                TIM1_CC_IRQHandler
                0x00000000080004f6                TIM2_IRQHandler
                0x0000000008000502                TIM3_IRQHandler
                0x000000000800050e                TIM4_IRQHandler
                0x000000000800051a                I2C1_EV_IRQHandler
                0x0000000008000526                I2C1_ER_IRQHandler
                0x0000000008000532                I2C2_EV_IRQHandler
                0x000000000800053e                I2C2_ER_IRQHandler
                0x000000000800054a                SPI1_IRQHandler
                0x0000000008000556                SPI2_IRQHandler
                0x0000000008000562                USART1_IRQHandler
                0x000000000800056e                USART2_IRQHandler
                0x000000000800057a                USART3_IRQHandler
                0x0000000008000586                EXTI15_10_IRQHandler
                0x0000000008000592                RTC_Alarm_IRQHandler
                0x000000000800059e                OTG_FS_WKUP_IRQHandler
                0x00000000080005aa                TIM8_BRK_TIM12_IRQHandler
                0x00000000080005b6                TIM8_UP_TIM13_IRQHandler
                0x00000000080005c2                TIM8_TRG_COM_TIM14_IRQHandler
                0x00000000080005ce                TIM8_CC_IRQHandler
                0x00000000080005da                DMA1_Stream7_IRQHandler
                0x00000000080005e6                FSMC_IRQHandler
                0x00000000080005f2                SDIO_IRQHandler
                0x00000000080005fe                TIM5_IRQHandler
                0x000000000800060a                SPI3_IRQHandler
                0x0000000008000616                UART4_IRQHandler
                0x0000000008000622                UART5_IRQHandler
                0x000000000800062e                TIM6_DAC_IRQHandler
                0x000000000800063a                TIM7_IRQHandler
                0x0000000008000646                DMA2_Stream0_IRQHandler
                0x0000000008000652                DMA2_Stream1_IRQHandler
                0x000000000800065e                DMA2_Stream2_IRQHandler
                0x000000000800066a                DMA2_Stream3_IRQHandler
                0x0000000008000676                DMA2_Stream4_IRQHandler
                0x0000000008000682                ETH_IRQHandler
                0x000000000800068e                ETH_WKUP_IRQHandler
                0x000000000800069a                CAN2_TX_IRQHandler
                0x00000000080006a6                CAN2_RX0_IRQHandler
                0x00000000080006b2                CAN2_RX1_IRQHandler
                0x00000000080006be                CAN2_SCE_IRQHandler
                0x00000000080006ca                OTG_FS_IRQHandler
                0x00000000080006d6                DMA2_Stream5_IRQHandler
                0x00000000080006e2                DMA2_Stream6_IRQHandler
                0x00000000080006ee                DMA2_Stream7_IRQHandler
                0x00000000080006fa                USART6_IRQHandler
                0x0000000008000706                I2C3_EV_IRQHandler
                0x0000000008000712                I2C3_ER_IRQHandler
                0x000000000800071e                OTG_HS_EP1_OUT_IRQHandler
                0x000000000800072a                OTG_HS_EP1_IN_IRQHandler
                0x0000000008000736                OTG_HS_WKUP_IRQHandler
                0x0000000008000742                OTG_HS_IRQHandler
                0x000000000800074e                DCMI_IRQHandler
                0x000000000800075a                CRYP_IRQHandler
                0x0000000008000766                HASH_RNG_IRQHandler
                0x0000000008000772                FPU_IRQHandler
 *(.rodata)
                0x0000000008000780                . = ALIGN (0x4)
                0x0000000008000780                _etext = .
                0x0000000008000780                _la_data = LOADADDR (.data)

.glue_7         0x0000000008000780        0x0
 .glue_7        0x0000000008000780        0x0 linker stubs

.glue_7t        0x0000000008000780        0x0
 .glue_7t       0x0000000008000780        0x0 linker stubs

.vfp11_veneer   0x0000000008000780        0x0
 .vfp11_veneer  0x0000000008000780        0x0 linker stubs

.v4_bx          0x0000000008000780        0x0
 .v4_bx         0x0000000008000780        0x0 linker stubs

.iplt           0x0000000008000780        0x0
 .iplt          0x0000000008000780        0x0 ../output/gpio_TS_003/gpio_TS_003.o

.rel.dyn        0x0000000008000780        0x0
 .rel.iplt      0x0000000008000780        0x0 ../output/gpio_TS_003/gpio_TS_003.o

.data           0x0000000020000004        0x0 load address 0x0000000008000780
                0x0000000020000004                _sdata = .
 *(.data)
 .data          0x0000000020000004        0x0 ../output/gpio_TS_003/gpio.o
 .data          0x0000000020000004        0x0 ../output/gpio_TS_003/gpio_TS_003.o
 .data          0x0000000020000004        0x0 ../output/gpio_TS_003/gpio_TC_003.o
 .data          0x0000000020000004        0x0 ../output/gpio_TS_003/result.o
 .data          0x0000000020000004        0x0 ../output/gpio_TS_003/env.o
                0x0000000020000004                . = ALIGN (0x4)
                0x0000000020000004                _edata = .

.igot.plt       0x0000000020000004        0x0 load address 0x0000000008000780
 .igot.plt      0x0000000020000004        0x0 ../output/gpio_TS_003/gpio_TS_003.o

.bss            0x0000000020000004        0x0 load address 0x0000000008000780
                0x0000000020000004                _sbss = .
 *(.bss)
 .bss           0x0000000020000004        0x0 ../output/gpio_TS_003/gpio.o
 .bss           0x0000000020000004        0x0 ../output/gpio_TS_003/gpio_TS_003.o
 .bss           0x0000000020000004        0x0 ../output/gpio_TS_003/gpio_TC_003.o
 .bss           0x0000000020000004        0x0 ../output/gpio_TS_003/result.o
 .bss           0x0000000020000004        0x0 ../output/gpio_TS_003/env.o
                0x0000000020000004                . = ALIGN (0x4)
                0x0000000020000004                _ebss = .

.result         0x0000000020000000        0x4
 *(.result)
 .result        0x0000000020000000        0x4 ../output/gpio_TS_003/result.o
                0x0000000020000000                u32Result
LOAD ../output/gpio_TS_003/gpio.o
LOAD ../output/gpio_TS_003/gpio_TS_003.o
LOAD ../output/gpio_TS_003/gpio_TC_003.o
LOAD ../output/gpio_TS_003/result.o
LOAD ../output/gpio_TS_003/env.o
OUTPUT(../output/gpio_TS_003/gpio.elf elf32-littlearm)
LOAD linker stubs

.debug_info     0x0000000000000000      0xbe2
 .debug_info    0x0000000000000000      0x21c ../output/gpio_TS_003/gpio.o
 .debug_info    0x000000000000021c       0x82 ../output/gpio_TS_003/gpio_TS_003.o
 .debug_info    0x000000000000029e       0x7e ../output/gpio_TS_003/gpio_TC_003.o
 .debug_info    0x000000000000031c       0x7e ../output/gpio_TS_003/result.o
 .debug_info    0x000000000000039a      0x848 ../output/gpio_TS_003/env.o

.debug_abbrev   0x0000000000000000      0x2b7
 .debug_abbrev  0x0000000000000000       0xb6 ../output/gpio_TS_003/gpio.o
 .debug_abbrev  0x00000000000000b6       0x46 ../output/gpio_TS_003/gpio_TS_003.o
 .debug_abbrev  0x00000000000000fc       0x44 ../output/gpio_TS_003/gpio_TC_003.o
 .debug_abbrev  0x0000000000000140       0x77 ../output/gpio_TS_003/result.o
 .debug_abbrev  0x00000000000001b7      0x100 ../output/gpio_TS_003/env.o

.debug_aranges  0x0000000000000000       0xa0
 .debug_aranges
                0x0000000000000000       0x20 ../output/gpio_TS_003/gpio.o
 .debug_aranges
                0x0000000000000020       0x20 ../output/gpio_TS_003/gpio_TS_003.o
 .debug_aranges
                0x0000000000000040       0x20 ../output/gpio_TS_003/gpio_TC_003.o
 .debug_aranges
                0x0000000000000060       0x20 ../output/gpio_TS_003/result.o
 .debug_aranges
                0x0000000000000080       0x20 ../output/gpio_TS_003/env.o

.debug_line     0x0000000000000000      0x5cb
 .debug_line    0x0000000000000000      0x11c ../output/gpio_TS_003/gpio.o
 .debug_line    0x000000000000011c       0x75 ../output/gpio_TS_003/gpio_TS_003.o
 .debug_line    0x0000000000000191       0x80 ../output/gpio_TS_003/gpio_TC_003.o
 .debug_line    0x0000000000000211       0x51 ../output/gpio_TS_003/result.o
 .debug_line    0x0000000000000262      0x369 ../output/gpio_TS_003/env.o

.debug_str      0x0000000000000000      0x9dc
 .debug_str     0x0000000000000000      0x1b9 ../output/gpio_TS_003/gpio.o
                                        0x1fe (size before relaxing)
 .debug_str     0x00000000000001b9       0x43 ../output/gpio_TS_003/gpio_TS_003.o
                                        0x15b (size before relaxing)
 .debug_str     0x00000000000001fc       0x49 ../output/gpio_TS_003/gpio_TC_003.o
                                        0x161 (size before relaxing)
 .debug_str     0x0000000000000245       0x36 ../output/gpio_TS_003/result.o
                                         0xca (size before relaxing)
 .debug_str     0x000000000000027b      0x761 ../output/gpio_TS_003/env.o
                                        0x89f (size before relaxing)

.comment        0x0000000000000000       0x49
 .comment       0x0000000000000000       0x49 ../output/gpio_TS_003/gpio.o
                                         0x4a (size before relaxing)
 .comment       0x0000000000000049       0x4a ../output/gpio_TS_003/gpio_TS_003.o
 .comment       0x0000000000000049       0x4a ../output/gpio_TS_003/gpio_TC_003.o
 .comment       0x0000000000000049       0x4a ../output/gpio_TS_003/result.o
 .comment       0x0000000000000049       0x4a ../output/gpio_TS_003/env.o

.ARM.attributes
                0x0000000000000000       0x2d
 .ARM.attributes
                0x0000000000000000       0x2d ../output/gpio_TS_003/gpio.o
 .ARM.attributes
                0x000000000000002d       0x2d ../output/gpio_TS_003/gpio_TS_003.o
 .ARM.attributes
                0x000000000000005a       0x2d ../output/gpio_TS_003/gpio_TC_003.o
 .ARM.attributes
                0x0000000000000087       0x2d ../output/gpio_TS_003/result.o
 .ARM.attributes
                0x00000000000000b4       0x2d ../output/gpio_TS_003/env.o

.debug_frame    0x0000000000000000      0xccc
 .debug_frame   0x0000000000000000       0xb0 ../output/gpio_TS_003/gpio.o
 .debug_frame   0x00000000000000b0       0x2c ../output/gpio_TS_003/gpio_TS_003.o
 .debug_frame   0x00000000000000dc       0x2c ../output/gpio_TS_003/gpio_TC_003.o
 .debug_frame   0x0000000000000108       0x58 ../output/gpio_TS_003/result.o
 .debug_frame   0x0000000000000160      0xb6c ../output/gpio_TS_003/env.o
