
Memory Configuration

Name             Origin             Length             Attributes
FLASH            0x0000000008000000 0x0000000000010000 xr
RESULT_SRAM      0x0000000020000000 0x0000000000000004 xrw
SRAM             0x0000000020000004 0x0000000000004ffc xrw
*default*        0x0000000000000000 0xffffffffffffffff

Linker script and memory map


.text           0x0000000008000000      0xaac
 *(.isr_vector)
 .isr_vector    0x0000000008000000      0x188 ../output/gpio_TS_001/env.o
                0x0000000008000000                vectors
 *(.text)
 .text          0x0000000008000188      0x190 ../output/gpio_TS_001/gpio.o
                0x0000000008000188                GPIO_InitPC13
                0x00000000080001cc                GPIO_InitPA0
                0x0000000008000210                GPIO_SetPinPC13
                0x000000000800022c                GPIO_ResetPinPC13
                0x0000000008000248                GPIO_TogglePinPC13
                0x0000000008000264                GPIO_ReadPinPA0
                0x0000000008000288                GPIO_InitExtiPA0
 .text          0x0000000008000318        0xe ../output/gpio_TS_001/gpio_TS_001.o
                0x0000000008000318                main
 .text          0x0000000008000326       0x1c ../output/gpio_TS_001/gpio_TC_001.o
                0x0000000008000326                GPIO_TC_001
 *fill*         0x0000000008000342        0x2 
 .text          0x0000000008000344       0x40 ../output/gpio_TS_001/result.o
                0x0000000008000344                CHECK_RESULT
                0x000000000800036c                RESET_RESULT
 .text          0x0000000008000384      0x4d8 ../output/gpio_TS_001/env.o
                0x0000000008000384                Reset_Handler
                0x0000000008000408                Default_Handler
                0x000000000800040e                NMI_Handler
                0x0000000008000414                HardFault_Handler
                0x000000000800041a                MemManage_Handler
                0x0000000008000420                BusFault_Handler
                0x0000000008000426                UsageFault_Handler
                0x000000000800042c                SVC_Handler
                0x0000000008000432                DebugMon_Handler
                0x0000000008000438                PendSV_Handler
                0x000000000800043e                SysTick_Handler
                0x000000000800044a                WWDG_IRQHandler
                0x0000000008000456                PVD_IRQHandler
                0x0000000008000462                TAMP_STAMP_IRQHandler
                0x000000000800046e                RTC_WKUP_IRQHandler
                0x000000000800047a                FLASH_IRQHandler
                0x0000000008000486                RCC_IRQHandler
                0x0000000008000492                EXTI0_IRQHandler
                0x00000000080004d8                EXTI1_IRQHandler
                0x00000000080004e4                EXTI2_IRQHandler
                0x00000000080004f0                EXTI3_IRQHandler
                0x00000000080004fc                EXTI4_IRQHandler
                0x0000000008000508                DMA1_Stream0_IRQHandler
                0x0000000008000514                DMA1_Stream1_IRQHandler
                0x0000000008000520                DMA1_Stream2_IRQHandler
                0x000000000800052c                DMA1_Stream3_IRQHandler
                0x0000000008000538                DMA1_Stream4_IRQHandler
                0x0000000008000544                DMA1_Stream5_IRQHandler
                0x0000000008000550                DMA1_Stream6_IRQHandler
                0x000000000800055c                ADC_IRQHandler
                0x0000000008000568                CAN1_TX_IRQHandler
                0x0000000008000574                CAN1_RX0_IRQHandler
                0x0000000008000580                CAN1_RX1_IRQHandler
                0x000000000800058c                CAN1_SCE_IRQHandler
                0x0000000008000598                EXTI9_5_IRQHandler
                0x00000000080005a4                TIM1_BRK_TIM9_IRQHandler
                0x00000000080005b0                TIM1_UP_TIM10_IRQHandler
                0x00000000080005bc                TIM1_TRG_COM_TIM11_IRQHandler
                0x00000000080005c8                TIM1_CC_IRQHandler
                0x00000000080005d4                TIM2_IRQHandler
                0x00000000080005e0                TIM3_IRQHandler
                0x00000000080005ec                TIM4_IRQHandler
                0x00000000080005f8                I2C1_EV_IRQHandler
                0x0000000008000604                I2C1_ER_IRQHandler
                0x0000000008000610                I2C2_EV_IRQHandler
                0x000000000800061c                I2C2_ER_IRQHandler
                0x0000000008000628                SPI1_IRQHandler
                0x0000000008000634                SPI2_IRQHandler
                0x0000000008000640                USART1_IRQHandler
                0x000000000800064c                USART2_IRQHandler
                0x0000000008000658                USART3_IRQHandler
                0x0000000008000664                EXTI15_10_IRQHandler
                0x0000000008000670                RTC_Alarm_IRQHandler
                0x000000000800067c                OTG_FS_WKUP_IRQHandler
                0x0000000008000688                TIM8_BRK_TIM12_IRQHandler
                0x0000000008000694                TIM8_UP_TIM13_IRQHandler
                0x00000000080006a0                TIM8_TRG_COM_TIM14_IRQHandler
                0x00000000080006ac                TIM8_CC_IRQHandler
                0x00000000080006b8                DMA1_Stream7_IRQHandler
                0x00000000080006c4                FSMC_IRQHandler
                0x00000000080006d0                SDIO_IRQHandler
                0x00000000080006dc                TIM5_IRQHandler
                0x00000000080006e8                SPI3_IRQHandler
                0x00000000080006f4                UART4_IRQHandler
                0x0000000008000700                UART5_IRQHandler
                0x000000000800070c                TIM6_DAC_IRQHandler
                0x0000000008000718                TIM7_IRQHandler
                0x0000000008000724                DMA2_Stream0_IRQHandler
                0x0000000008000730                DMA2_Stream1_IRQHandler
                0x000000000800073c                DMA2_Stream2_IRQHandler
                0x0000000008000748                DMA2_Stream3_IRQHandler
                0x0000000008000754                DMA2_Stream4_IRQHandler
                0x0000000008000760                ETH_IRQHandler
                0x000000000800076c                ETH_WKUP_IRQHandler
                0x0000000008000778                CAN2_TX_IRQHandler
                0x0000000008000784                CAN2_RX0_IRQHandler
                0x0000000008000790                CAN2_RX1_IRQHandler
                0x000000000800079c                CAN2_SCE_IRQHandler
                0x00000000080007a8                OTG_FS_IRQHandler
                0x00000000080007b4                DMA2_Stream5_IRQHandler
                0x00000000080007c0                DMA2_Stream6_IRQHandler
                0x00000000080007cc                DMA2_Stream7_IRQHandler
                0x00000000080007d8                USART6_IRQHandler
                0x00000000080007e4                I2C3_EV_IRQHandler
                0x00000000080007f0                I2C3_ER_IRQHandler
                0x00000000080007fc                OTG_HS_EP1_OUT_IRQHandler
                0x0000000008000808                OTG_HS_EP1_IN_IRQHandler
                0x0000000008000814                OTG_HS_WKUP_IRQHandler
                0x0000000008000820                OTG_HS_IRQHandler
                0x000000000800082c                DCMI_IRQHandler
                0x0000000008000838                CRYP_IRQHandler
                0x0000000008000844                HASH_RNG_IRQHandler
                0x0000000008000850                FPU_IRQHandler
 .text          0x000000000800085c      0x24e ../output/gpio_TS_001/core_cm3.o
                0x000000000800085c                __get_PSP
                0x000000000800086a                __set_PSP
                0x0000000008000874                __get_MSP
                0x0000000008000882                __set_MSP
                0x000000000800088c                __get_BASEPRI
                0x00000000080008a8                __set_BASEPRI
                0x00000000080008c0                __get_PRIMASK
                0x00000000080008dc                __set_PRIMASK
                0x00000000080008f4                __get_FAULTMASK
                0x0000000008000910                __set_FAULTMASK
                0x0000000008000928                __get_CONTROL
                0x0000000008000944                __set_CONTROL
                0x000000000800095c                __REV
                0x000000000800097a                __REV16
                0x000000000800099a                __REVSH
                0x00000000080009ba                __RBIT
                0x00000000080009da                __LDREXB
                0x00000000080009fa                __LDREXH
                0x0000000008000a1a                __LDREXW
                0x0000000008000a3a                __STREXB
                0x0000000008000a60                __STREXH
                0x0000000008000a86                __STREXW
 *(.rodata)
                0x0000000008000aac                . = ALIGN (0x4)
 *fill*         0x0000000008000aaa        0x2 
                0x0000000008000aac                _etext = .
                0x0000000008000aac                _la_data = LOADADDR (.data)

.glue_7         0x0000000008000aac        0x0
 .glue_7        0x0000000008000aac        0x0 linker stubs

.glue_7t        0x0000000008000aac        0x0
 .glue_7t       0x0000000008000aac        0x0 linker stubs

.vfp11_veneer   0x0000000008000aac        0x0
 .vfp11_veneer  0x0000000008000aac        0x0 linker stubs

.v4_bx          0x0000000008000aac        0x0
 .v4_bx         0x0000000008000aac        0x0 linker stubs

.iplt           0x0000000008000aac        0x0
 .iplt          0x0000000008000aac        0x0 ../output/gpio_TS_001/gpio_TS_001.o

.rel.dyn        0x0000000008000aac        0x0
 .rel.iplt      0x0000000008000aac        0x0 ../output/gpio_TS_001/gpio_TS_001.o

.data           0x0000000020000004        0x0 load address 0x0000000008000aac
                0x0000000020000004                _sdata = .
 *(.data)
 .data          0x0000000020000004        0x0 ../output/gpio_TS_001/gpio.o
 .data          0x0000000020000004        0x0 ../output/gpio_TS_001/gpio_TS_001.o
 .data          0x0000000020000004        0x0 ../output/gpio_TS_001/gpio_TC_001.o
 .data          0x0000000020000004        0x0 ../output/gpio_TS_001/result.o
 .data          0x0000000020000004        0x0 ../output/gpio_TS_001/env.o
 .data          0x0000000020000004        0x0 ../output/gpio_TS_001/core_cm3.o
                0x0000000020000004                . = ALIGN (0x4)
                0x0000000020000004                _edata = .

.igot.plt       0x0000000020000004        0x0 load address 0x0000000008000aac
 .igot.plt      0x0000000020000004        0x0 ../output/gpio_TS_001/gpio_TS_001.o

.bss            0x0000000020000004        0x0 load address 0x0000000008000aac
                0x0000000020000004                _sbss = .
 *(.bss)
 .bss           0x0000000020000004        0x0 ../output/gpio_TS_001/gpio.o
 .bss           0x0000000020000004        0x0 ../output/gpio_TS_001/gpio_TS_001.o
 .bss           0x0000000020000004        0x0 ../output/gpio_TS_001/gpio_TC_001.o
 .bss           0x0000000020000004        0x0 ../output/gpio_TS_001/result.o
 .bss           0x0000000020000004        0x0 ../output/gpio_TS_001/env.o
 .bss           0x0000000020000004        0x0 ../output/gpio_TS_001/core_cm3.o
                0x0000000020000004                . = ALIGN (0x4)
                0x0000000020000004                _ebss = .

.result         0x0000000020000000        0x4
 *(.result)
 .result        0x0000000020000000        0x4 ../output/gpio_TS_001/result.o
                0x0000000020000000                u32Result
LOAD ../output/gpio_TS_001/gpio.o
LOAD ../output/gpio_TS_001/gpio_TS_001.o
LOAD ../output/gpio_TS_001/gpio_TC_001.o
LOAD ../output/gpio_TS_001/result.o
LOAD ../output/gpio_TS_001/env.o
LOAD ../output/gpio_TS_001/core_cm3.o
OUTPUT(../output/gpio_TS_001/gpio.elf elf32-littlearm)
LOAD linker stubs

.debug_info     0x0000000000000000     0x1464
 .debug_info    0x0000000000000000      0x446 ../output/gpio_TS_001/gpio.o
 .debug_info    0x0000000000000446       0x82 ../output/gpio_TS_001/gpio_TS_001.o
 .debug_info    0x00000000000004c8       0x7e ../output/gpio_TS_001/gpio_TC_001.o
 .debug_info    0x0000000000000546       0x7e ../output/gpio_TS_001/result.o
 .debug_info    0x00000000000005c4      0x932 ../output/gpio_TS_001/env.o
 .debug_info    0x0000000000000ef6      0x56e ../output/gpio_TS_001/core_cm3.o

.debug_abbrev   0x0000000000000000      0x415
 .debug_abbrev  0x0000000000000000      0x113 ../output/gpio_TS_001/gpio.o
 .debug_abbrev  0x0000000000000113       0x46 ../output/gpio_TS_001/gpio_TS_001.o
 .debug_abbrev  0x0000000000000159       0x44 ../output/gpio_TS_001/gpio_TC_001.o
 .debug_abbrev  0x000000000000019d       0x77 ../output/gpio_TS_001/result.o
 .debug_abbrev  0x0000000000000214      0x147 ../output/gpio_TS_001/env.o
 .debug_abbrev  0x000000000000035b       0xba ../output/gpio_TS_001/core_cm3.o

.debug_aranges  0x0000000000000000       0xc0
 .debug_aranges
                0x0000000000000000       0x20 ../output/gpio_TS_001/gpio.o
 .debug_aranges
                0x0000000000000020       0x20 ../output/gpio_TS_001/gpio_TS_001.o
 .debug_aranges
                0x0000000000000040       0x20 ../output/gpio_TS_001/gpio_TC_001.o
 .debug_aranges
                0x0000000000000060       0x20 ../output/gpio_TS_001/result.o
 .debug_aranges
                0x0000000000000080       0x20 ../output/gpio_TS_001/env.o
 .debug_aranges
                0x00000000000000a0       0x20 ../output/gpio_TS_001/core_cm3.o

.debug_line     0x0000000000000000      0x815
 .debug_line    0x0000000000000000      0x152 ../output/gpio_TS_001/gpio.o
 .debug_line    0x0000000000000152       0x75 ../output/gpio_TS_001/gpio_TS_001.o
 .debug_line    0x00000000000001c7       0x77 ../output/gpio_TS_001/gpio_TC_001.o
 .debug_line    0x000000000000023e       0x51 ../output/gpio_TS_001/result.o
 .debug_line    0x000000000000028f      0x3a6 ../output/gpio_TS_001/env.o
 .debug_line    0x0000000000000635      0x1e0 ../output/gpio_TS_001/core_cm3.o

.debug_str      0x0000000000000000      0xc10
 .debug_str     0x0000000000000000      0x281 ../output/gpio_TS_001/gpio.o
                                        0x2c6 (size before relaxing)
 .debug_str     0x0000000000000281       0x43 ../output/gpio_TS_001/gpio_TS_001.o
                                        0x15b (size before relaxing)
 .debug_str     0x00000000000002c4       0x49 ../output/gpio_TS_001/gpio_TC_001.o
                                        0x161 (size before relaxing)
 .debug_str     0x000000000000030d       0x36 ../output/gpio_TS_001/result.o
                                         0xca (size before relaxing)
 .debug_str     0x0000000000000343      0x761 ../output/gpio_TS_001/env.o
                                        0x8d3 (size before relaxing)
 .debug_str     0x0000000000000aa4      0x16c ../output/gpio_TS_001/core_cm3.o
                                        0x2c3 (size before relaxing)

.comment        0x0000000000000000       0x49
 .comment       0x0000000000000000       0x49 ../output/gpio_TS_001/gpio.o
                                         0x4a (size before relaxing)
 .comment       0x0000000000000049       0x4a ../output/gpio_TS_001/gpio_TS_001.o
 .comment       0x0000000000000049       0x4a ../output/gpio_TS_001/gpio_TC_001.o
 .comment       0x0000000000000049       0x4a ../output/gpio_TS_001/result.o
 .comment       0x0000000000000049       0x4a ../output/gpio_TS_001/env.o
 .comment       0x0000000000000049       0x4a ../output/gpio_TS_001/core_cm3.o

.ARM.attributes
                0x0000000000000000       0x2d
 .ARM.attributes
                0x0000000000000000       0x2d ../output/gpio_TS_001/gpio.o
 .ARM.attributes
                0x000000000000002d       0x2d ../output/gpio_TS_001/gpio_TS_001.o
 .ARM.attributes
                0x000000000000005a       0x2d ../output/gpio_TS_001/gpio_TC_001.o
 .ARM.attributes
                0x0000000000000087       0x2d ../output/gpio_TS_001/result.o
 .ARM.attributes
                0x00000000000000b4       0x2d ../output/gpio_TS_001/env.o
 .ARM.attributes
                0x00000000000000e1       0x2d ../output/gpio_TS_001/core_cm3.o

.debug_frame    0x0000000000000000     0x102c
 .debug_frame   0x0000000000000000       0xf0 ../output/gpio_TS_001/gpio.o
 .debug_frame   0x00000000000000f0       0x2c ../output/gpio_TS_001/gpio_TS_001.o
 .debug_frame   0x000000000000011c       0x2c ../output/gpio_TS_001/gpio_TC_001.o
 .debug_frame   0x0000000000000148       0x58 ../output/gpio_TS_001/result.o
 .debug_frame   0x00000000000001a0      0xb6c ../output/gpio_TS_001/env.o
 .debug_frame   0x0000000000000d0c      0x320 ../output/gpio_TS_001/core_cm3.o
