
Memory Configuration

Name             Origin             Length             Attributes
FLASH            0x0000000008000000 0x0000000000010000 xr
RESULT_SRAM      0x0000000020000000 0x0000000000000004 xrw
SRAM             0x0000000020000004 0x0000000000004ffc xrw
*default*        0x0000000000000000 0xffffffffffffffff

Linker script and memory map


.text           0x0000000008000000      0x720
 *(.isr_vector)
 .isr_vector    0x0000000008000000      0x188 ../output/gpio_TS_001/env.o
                0x0000000008000000                vectors
 *(.text)
 .text          0x0000000008000188       0x7c ../output/gpio_TS_001/gpio.o
                0x0000000008000188                gpio_initPC13
                0x00000000080001cc                gpio_SetPinPC13
                0x00000000080001e8                gpio_ResetPinPC13
 .text          0x0000000008000204        0xe ../output/gpio_TS_001/gpio_TS_001.o
                0x0000000008000204                main
 .text          0x0000000008000212       0x2c ../output/gpio_TS_001/gpio_TC_001.o
                0x0000000008000212                gpio_TC_001
 *fill*         0x000000000800023e        0x2 
 .text          0x0000000008000240       0x40 ../output/gpio_TS_001/result.o
                0x0000000008000240                CHECK_RESULT
                0x0000000008000268                RESET_RESULT
 .text          0x0000000008000280      0x4a0 ../output/gpio_TS_001/env.o
                0x0000000008000280                Reset_Handler
                0x0000000008000304                Default_Handler
                0x000000000800030a                NMI_Handler
                0x0000000008000310                HardFault_Handler
                0x0000000008000316                MemManage_Handler
                0x000000000800031c                BusFault_Handler
                0x0000000008000322                UsageFault_Handler
                0x0000000008000328                SVC_Handler
                0x000000000800032e                DebugMon_Handler
                0x0000000008000334                PendSV_Handler
                0x000000000800033a                SysTick_Handler
                0x0000000008000346                WWDG_IRQHandler
                0x0000000008000352                PVD_IRQHandler
                0x000000000800035e                TAMP_STAMP_IRQHandler
                0x000000000800036a                RTC_WKUP_IRQHandler
                0x0000000008000376                FLASH_IRQHandler
                0x0000000008000382                RCC_IRQHandler
                0x000000000800038e                EXTI0_IRQHandler
                0x000000000800039a                EXTI1_IRQHandler
                0x00000000080003a6                EXTI2_IRQHandler
                0x00000000080003b2                EXTI3_IRQHandler
                0x00000000080003be                EXTI4_IRQHandler
                0x00000000080003ca                DMA1_Stream0_IRQHandler
                0x00000000080003d6                DMA1_Stream1_IRQHandler
                0x00000000080003e2                DMA1_Stream2_IRQHandler
                0x00000000080003ee                DMA1_Stream3_IRQHandler
                0x00000000080003fa                DMA1_Stream4_IRQHandler
                0x0000000008000406                DMA1_Stream5_IRQHandler
                0x0000000008000412                DMA1_Stream6_IRQHandler
                0x000000000800041e                ADC_IRQHandler
                0x000000000800042a                CAN1_TX_IRQHandler
                0x0000000008000436                CAN1_RX0_IRQHandler
                0x0000000008000442                CAN1_RX1_IRQHandler
                0x000000000800044e                CAN1_SCE_IRQHandler
                0x000000000800045a                EXTI9_5_IRQHandler
                0x0000000008000466                TIM1_BRK_TIM9_IRQHandler
                0x0000000008000472                TIM1_UP_TIM10_IRQHandler
                0x000000000800047e                TIM1_TRG_COM_TIM11_IRQHandler
                0x000000000800048a                TIM1_CC_IRQHandler
                0x0000000008000496                TIM2_IRQHandler
                0x00000000080004a2                TIM3_IRQHandler
                0x00000000080004ae                TIM4_IRQHandler
                0x00000000080004ba                I2C1_EV_IRQHandler
                0x00000000080004c6                I2C1_ER_IRQHandler
                0x00000000080004d2                I2C2_EV_IRQHandler
                0x00000000080004de                I2C2_ER_IRQHandler
                0x00000000080004ea                SPI1_IRQHandler
                0x00000000080004f6                SPI2_IRQHandler
                0x0000000008000502                USART1_IRQHandler
                0x000000000800050e                USART2_IRQHandler
                0x000000000800051a                USART3_IRQHandler
                0x0000000008000526                EXTI15_10_IRQHandler
                0x0000000008000532                RTC_Alarm_IRQHandler
                0x000000000800053e                OTG_FS_WKUP_IRQHandler
                0x000000000800054a                TIM8_BRK_TIM12_IRQHandler
                0x0000000008000556                TIM8_UP_TIM13_IRQHandler
                0x0000000008000562                TIM8_TRG_COM_TIM14_IRQHandler
                0x000000000800056e                TIM8_CC_IRQHandler
                0x000000000800057a                DMA1_Stream7_IRQHandler
                0x0000000008000586                FSMC_IRQHandler
                0x0000000008000592                SDIO_IRQHandler
                0x000000000800059e                TIM5_IRQHandler
                0x00000000080005aa                SPI3_IRQHandler
                0x00000000080005b6                UART4_IRQHandler
                0x00000000080005c2                UART5_IRQHandler
                0x00000000080005ce                TIM6_DAC_IRQHandler
                0x00000000080005da                TIM7_IRQHandler
                0x00000000080005e6                DMA2_Stream0_IRQHandler
                0x00000000080005f2                DMA2_Stream1_IRQHandler
                0x00000000080005fe                DMA2_Stream2_IRQHandler
                0x000000000800060a                DMA2_Stream3_IRQHandler
                0x0000000008000616                DMA2_Stream4_IRQHandler
                0x0000000008000622                ETH_IRQHandler
                0x000000000800062e                ETH_WKUP_IRQHandler
                0x000000000800063a                CAN2_TX_IRQHandler
                0x0000000008000646                CAN2_RX0_IRQHandler
                0x0000000008000652                CAN2_RX1_IRQHandler
                0x000000000800065e                CAN2_SCE_IRQHandler
                0x000000000800066a                OTG_FS_IRQHandler
                0x0000000008000676                DMA2_Stream5_IRQHandler
                0x0000000008000682                DMA2_Stream6_IRQHandler
                0x000000000800068e                DMA2_Stream7_IRQHandler
                0x000000000800069a                USART6_IRQHandler
                0x00000000080006a6                I2C3_EV_IRQHandler
                0x00000000080006b2                I2C3_ER_IRQHandler
                0x00000000080006be                OTG_HS_EP1_OUT_IRQHandler
                0x00000000080006ca                OTG_HS_EP1_IN_IRQHandler
                0x00000000080006d6                OTG_HS_WKUP_IRQHandler
                0x00000000080006e2                OTG_HS_IRQHandler
                0x00000000080006ee                DCMI_IRQHandler
                0x00000000080006fa                CRYP_IRQHandler
                0x0000000008000706                HASH_RNG_IRQHandler
                0x0000000008000712                FPU_IRQHandler
 *(.rodata)
                0x0000000008000720                . = ALIGN (0x4)
                0x0000000008000720                _etext = .
                0x0000000008000720                _la_data = LOADADDR (.data)

.glue_7         0x0000000008000720        0x0
 .glue_7        0x0000000008000720        0x0 linker stubs

.glue_7t        0x0000000008000720        0x0
 .glue_7t       0x0000000008000720        0x0 linker stubs

.vfp11_veneer   0x0000000008000720        0x0
 .vfp11_veneer  0x0000000008000720        0x0 linker stubs

.v4_bx          0x0000000008000720        0x0
 .v4_bx         0x0000000008000720        0x0 linker stubs

.iplt           0x0000000008000720        0x0
 .iplt          0x0000000008000720        0x0 ../output/gpio_TS_001/gpio_TS_001.o

.rel.dyn        0x0000000008000720        0x0
 .rel.iplt      0x0000000008000720        0x0 ../output/gpio_TS_001/gpio_TS_001.o

.data           0x0000000020000004        0x0 load address 0x0000000008000720
                0x0000000020000004                _sdata = .
 *(.data)
 .data          0x0000000020000004        0x0 ../output/gpio_TS_001/gpio.o
 .data          0x0000000020000004        0x0 ../output/gpio_TS_001/gpio_TS_001.o
 .data          0x0000000020000004        0x0 ../output/gpio_TS_001/gpio_TC_001.o
 .data          0x0000000020000004        0x0 ../output/gpio_TS_001/result.o
 .data          0x0000000020000004        0x0 ../output/gpio_TS_001/env.o
                0x0000000020000004                . = ALIGN (0x4)
                0x0000000020000004                _edata = .

.igot.plt       0x0000000020000004        0x0 load address 0x0000000008000720
 .igot.plt      0x0000000020000004        0x0 ../output/gpio_TS_001/gpio_TS_001.o

.bss            0x0000000020000004        0x0 load address 0x0000000008000720
                0x0000000020000004                _sbss = .
 *(.bss)
 .bss           0x0000000020000004        0x0 ../output/gpio_TS_001/gpio.o
 .bss           0x0000000020000004        0x0 ../output/gpio_TS_001/gpio_TS_001.o
 .bss           0x0000000020000004        0x0 ../output/gpio_TS_001/gpio_TC_001.o
 .bss           0x0000000020000004        0x0 ../output/gpio_TS_001/result.o
 .bss           0x0000000020000004        0x0 ../output/gpio_TS_001/env.o
                0x0000000020000004                . = ALIGN (0x4)
                0x0000000020000004                _ebss = .

.result         0x0000000020000000        0x4
 *(.result)
 .result        0x0000000020000000        0x4 ../output/gpio_TS_001/result.o
                0x0000000020000000                u32Result
LOAD ../output/gpio_TS_001/gpio.o
LOAD ../output/gpio_TS_001/gpio_TS_001.o
LOAD ../output/gpio_TS_001/gpio_TC_001.o
LOAD ../output/gpio_TS_001/result.o
LOAD ../output/gpio_TS_001/env.o
OUTPUT(../output/gpio_TS_001/gpio.elf elf32-littlearm)
LOAD linker stubs

.debug_info     0x0000000000000000      0xb63
 .debug_info    0x0000000000000000      0x1dc ../output/gpio_TS_001/gpio.o
 .debug_info    0x00000000000001dc       0x43 ../output/gpio_TS_001/gpio_TS_001.o
 .debug_info    0x000000000000021f       0x7e ../output/gpio_TS_001/gpio_TC_001.o
 .debug_info    0x000000000000029d       0x7e ../output/gpio_TS_001/result.o
 .debug_info    0x000000000000031b      0x848 ../output/gpio_TS_001/env.o

.debug_abbrev   0x0000000000000000      0x290
 .debug_abbrev  0x0000000000000000       0x9a ../output/gpio_TS_001/gpio.o
 .debug_abbrev  0x000000000000009a       0x3b ../output/gpio_TS_001/gpio_TS_001.o
 .debug_abbrev  0x00000000000000d5       0x44 ../output/gpio_TS_001/gpio_TC_001.o
 .debug_abbrev  0x0000000000000119       0x77 ../output/gpio_TS_001/result.o
 .debug_abbrev  0x0000000000000190      0x100 ../output/gpio_TS_001/env.o

.debug_aranges  0x0000000000000000       0xa0
 .debug_aranges
                0x0000000000000000       0x20 ../output/gpio_TS_001/gpio.o
 .debug_aranges
                0x0000000000000020       0x20 ../output/gpio_TS_001/gpio_TS_001.o
 .debug_aranges
                0x0000000000000040       0x20 ../output/gpio_TS_001/gpio_TC_001.o
 .debug_aranges
                0x0000000000000060       0x20 ../output/gpio_TS_001/result.o
 .debug_aranges
                0x0000000000000080       0x20 ../output/gpio_TS_001/env.o

.debug_line     0x0000000000000000      0x5a5
 .debug_line    0x0000000000000000       0xfd ../output/gpio_TS_001/gpio.o
 .debug_line    0x00000000000000fd       0x75 ../output/gpio_TS_001/gpio_TS_001.o
 .debug_line    0x0000000000000172       0x79 ../output/gpio_TS_001/gpio_TC_001.o
 .debug_line    0x00000000000001eb       0x51 ../output/gpio_TS_001/result.o
 .debug_line    0x000000000000023c      0x369 ../output/gpio_TS_001/env.o

.debug_str      0x0000000000000000      0x9bf
 .debug_str     0x0000000000000000      0x192 ../output/gpio_TS_001/gpio.o
                                        0x1cf (size before relaxing)
 .debug_str     0x0000000000000192       0x43 ../output/gpio_TS_001/gpio_TS_001.o
                                         0xd7 (size before relaxing)
 .debug_str     0x00000000000001d5       0x49 ../output/gpio_TS_001/gpio_TC_001.o
                                        0x161 (size before relaxing)
 .debug_str     0x000000000000021e       0x36 ../output/gpio_TS_001/result.o
                                         0xca (size before relaxing)
 .debug_str     0x0000000000000254      0x76b ../output/gpio_TS_001/env.o
                                        0x89f (size before relaxing)

.comment        0x0000000000000000       0x49
 .comment       0x0000000000000000       0x49 ../output/gpio_TS_001/gpio.o
                                         0x4a (size before relaxing)
 .comment       0x0000000000000049       0x4a ../output/gpio_TS_001/gpio_TS_001.o
 .comment       0x0000000000000049       0x4a ../output/gpio_TS_001/gpio_TC_001.o
 .comment       0x0000000000000049       0x4a ../output/gpio_TS_001/result.o
 .comment       0x0000000000000049       0x4a ../output/gpio_TS_001/env.o

.ARM.attributes
                0x0000000000000000       0x2d
 .ARM.attributes
                0x0000000000000000       0x2d ../output/gpio_TS_001/gpio.o
 .ARM.attributes
                0x000000000000002d       0x2d ../output/gpio_TS_001/gpio_TS_001.o
 .ARM.attributes
                0x000000000000005a       0x2d ../output/gpio_TS_001/gpio_TC_001.o
 .ARM.attributes
                0x0000000000000087       0x2d ../output/gpio_TS_001/result.o
 .ARM.attributes
                0x00000000000000b4       0x2d ../output/gpio_TS_001/env.o

.debug_frame    0x0000000000000000      0xc8c
 .debug_frame   0x0000000000000000       0x70 ../output/gpio_TS_001/gpio.o
 .debug_frame   0x0000000000000070       0x2c ../output/gpio_TS_001/gpio_TS_001.o
 .debug_frame   0x000000000000009c       0x2c ../output/gpio_TS_001/gpio_TC_001.o
 .debug_frame   0x00000000000000c8       0x58 ../output/gpio_TS_001/result.o
 .debug_frame   0x0000000000000120      0xb6c ../output/gpio_TS_001/env.o
