
Memory Configuration

Name             Origin             Length             Attributes
FLASH            0x0000000008000000 0x0000000000010000 xr
RESULT_SRAM      0x0000000020000000 0x0000000000000004 xrw
SRAM             0x0000000020000004 0x0000000000004ffc xrw
*default*        0x0000000000000000 0xffffffffffffffff

Linker script and memory map


.text           0x0000000008000000      0x704
 *(.isr_vector)
 .isr_vector    0x0000000008000000      0x188 ../output/gpio_TS_002/env.o
                0x0000000008000000                vectors
 *(.text)
 .text          0x0000000008000188       0x7c ../output/gpio_TS_002/gpio.o
                0x0000000008000188                GPIO_InitPC13
                0x00000000080001cc                GPIO_SetPinPC13
                0x00000000080001e8                GPIO_ResetPinPC13
 .text          0x0000000008000204        0xe ../output/gpio_TS_002/gpio_TS_002.o
                0x0000000008000204                main
 .text          0x0000000008000212       0x10 ../output/gpio_TS_002/gpio_TC_002.o
                0x0000000008000212                GPIO_TC_002
 *fill*         0x0000000008000222        0x2 
 .text          0x0000000008000224       0x40 ../output/gpio_TS_002/result.o
                0x0000000008000224                CHECK_RESULT
                0x000000000800024c                RESET_RESULT
 .text          0x0000000008000264      0x4a0 ../output/gpio_TS_002/env.o
                0x0000000008000264                Reset_Handler
                0x00000000080002e8                Default_Handler
                0x00000000080002ee                NMI_Handler
                0x00000000080002f4                HardFault_Handler
                0x00000000080002fa                MemManage_Handler
                0x0000000008000300                BusFault_Handler
                0x0000000008000306                UsageFault_Handler
                0x000000000800030c                SVC_Handler
                0x0000000008000312                DebugMon_Handler
                0x0000000008000318                PendSV_Handler
                0x000000000800031e                SysTick_Handler
                0x000000000800032a                WWDG_IRQHandler
                0x0000000008000336                PVD_IRQHandler
                0x0000000008000342                TAMP_STAMP_IRQHandler
                0x000000000800034e                RTC_WKUP_IRQHandler
                0x000000000800035a                FLASH_IRQHandler
                0x0000000008000366                RCC_IRQHandler
                0x0000000008000372                EXTI0_IRQHandler
                0x000000000800037e                EXTI1_IRQHandler
                0x000000000800038a                EXTI2_IRQHandler
                0x0000000008000396                EXTI3_IRQHandler
                0x00000000080003a2                EXTI4_IRQHandler
                0x00000000080003ae                DMA1_Stream0_IRQHandler
                0x00000000080003ba                DMA1_Stream1_IRQHandler
                0x00000000080003c6                DMA1_Stream2_IRQHandler
                0x00000000080003d2                DMA1_Stream3_IRQHandler
                0x00000000080003de                DMA1_Stream4_IRQHandler
                0x00000000080003ea                DMA1_Stream5_IRQHandler
                0x00000000080003f6                DMA1_Stream6_IRQHandler
                0x0000000008000402                ADC_IRQHandler
                0x000000000800040e                CAN1_TX_IRQHandler
                0x000000000800041a                CAN1_RX0_IRQHandler
                0x0000000008000426                CAN1_RX1_IRQHandler
                0x0000000008000432                CAN1_SCE_IRQHandler
                0x000000000800043e                EXTI9_5_IRQHandler
                0x000000000800044a                TIM1_BRK_TIM9_IRQHandler
                0x0000000008000456                TIM1_UP_TIM10_IRQHandler
                0x0000000008000462                TIM1_TRG_COM_TIM11_IRQHandler
                0x000000000800046e                TIM1_CC_IRQHandler
                0x000000000800047a                TIM2_IRQHandler
                0x0000000008000486                TIM3_IRQHandler
                0x0000000008000492                TIM4_IRQHandler
                0x000000000800049e                I2C1_EV_IRQHandler
                0x00000000080004aa                I2C1_ER_IRQHandler
                0x00000000080004b6                I2C2_EV_IRQHandler
                0x00000000080004c2                I2C2_ER_IRQHandler
                0x00000000080004ce                SPI1_IRQHandler
                0x00000000080004da                SPI2_IRQHandler
                0x00000000080004e6                USART1_IRQHandler
                0x00000000080004f2                USART2_IRQHandler
                0x00000000080004fe                USART3_IRQHandler
                0x000000000800050a                EXTI15_10_IRQHandler
                0x0000000008000516                RTC_Alarm_IRQHandler
                0x0000000008000522                OTG_FS_WKUP_IRQHandler
                0x000000000800052e                TIM8_BRK_TIM12_IRQHandler
                0x000000000800053a                TIM8_UP_TIM13_IRQHandler
                0x0000000008000546                TIM8_TRG_COM_TIM14_IRQHandler
                0x0000000008000552                TIM8_CC_IRQHandler
                0x000000000800055e                DMA1_Stream7_IRQHandler
                0x000000000800056a                FSMC_IRQHandler
                0x0000000008000576                SDIO_IRQHandler
                0x0000000008000582                TIM5_IRQHandler
                0x000000000800058e                SPI3_IRQHandler
                0x000000000800059a                UART4_IRQHandler
                0x00000000080005a6                UART5_IRQHandler
                0x00000000080005b2                TIM6_DAC_IRQHandler
                0x00000000080005be                TIM7_IRQHandler
                0x00000000080005ca                DMA2_Stream0_IRQHandler
                0x00000000080005d6                DMA2_Stream1_IRQHandler
                0x00000000080005e2                DMA2_Stream2_IRQHandler
                0x00000000080005ee                DMA2_Stream3_IRQHandler
                0x00000000080005fa                DMA2_Stream4_IRQHandler
                0x0000000008000606                ETH_IRQHandler
                0x0000000008000612                ETH_WKUP_IRQHandler
                0x000000000800061e                CAN2_TX_IRQHandler
                0x000000000800062a                CAN2_RX0_IRQHandler
                0x0000000008000636                CAN2_RX1_IRQHandler
                0x0000000008000642                CAN2_SCE_IRQHandler
                0x000000000800064e                OTG_FS_IRQHandler
                0x000000000800065a                DMA2_Stream5_IRQHandler
                0x0000000008000666                DMA2_Stream6_IRQHandler
                0x0000000008000672                DMA2_Stream7_IRQHandler
                0x000000000800067e                USART6_IRQHandler
                0x000000000800068a                I2C3_EV_IRQHandler
                0x0000000008000696                I2C3_ER_IRQHandler
                0x00000000080006a2                OTG_HS_EP1_OUT_IRQHandler
                0x00000000080006ae                OTG_HS_EP1_IN_IRQHandler
                0x00000000080006ba                OTG_HS_WKUP_IRQHandler
                0x00000000080006c6                OTG_HS_IRQHandler
                0x00000000080006d2                DCMI_IRQHandler
                0x00000000080006de                CRYP_IRQHandler
                0x00000000080006ea                HASH_RNG_IRQHandler
                0x00000000080006f6                FPU_IRQHandler
 *(.rodata)
                0x0000000008000704                . = ALIGN (0x4)
                0x0000000008000704                _etext = .
                0x0000000008000704                _la_data = LOADADDR (.data)

.glue_7         0x0000000008000704        0x0
 .glue_7        0x0000000008000704        0x0 linker stubs

.glue_7t        0x0000000008000704        0x0
 .glue_7t       0x0000000008000704        0x0 linker stubs

.vfp11_veneer   0x0000000008000704        0x0
 .vfp11_veneer  0x0000000008000704        0x0 linker stubs

.v4_bx          0x0000000008000704        0x0
 .v4_bx         0x0000000008000704        0x0 linker stubs

.iplt           0x0000000008000704        0x0
 .iplt          0x0000000008000704        0x0 ../output/gpio_TS_002/gpio_TS_002.o

.rel.dyn        0x0000000008000704        0x0
 .rel.iplt      0x0000000008000704        0x0 ../output/gpio_TS_002/gpio_TS_002.o

.data           0x0000000020000004        0x0 load address 0x0000000008000704
                0x0000000020000004                _sdata = .
 *(.data)
 .data          0x0000000020000004        0x0 ../output/gpio_TS_002/gpio.o
 .data          0x0000000020000004        0x0 ../output/gpio_TS_002/gpio_TS_002.o
 .data          0x0000000020000004        0x0 ../output/gpio_TS_002/gpio_TC_002.o
 .data          0x0000000020000004        0x0 ../output/gpio_TS_002/result.o
 .data          0x0000000020000004        0x0 ../output/gpio_TS_002/env.o
                0x0000000020000004                . = ALIGN (0x4)
                0x0000000020000004                _edata = .

.igot.plt       0x0000000020000004        0x0 load address 0x0000000008000704
 .igot.plt      0x0000000020000004        0x0 ../output/gpio_TS_002/gpio_TS_002.o

.bss            0x0000000020000004        0x0 load address 0x0000000008000704
                0x0000000020000004                _sbss = .
 *(.bss)
 .bss           0x0000000020000004        0x0 ../output/gpio_TS_002/gpio.o
 .bss           0x0000000020000004        0x0 ../output/gpio_TS_002/gpio_TS_002.o
 .bss           0x0000000020000004        0x0 ../output/gpio_TS_002/gpio_TC_002.o
 .bss           0x0000000020000004        0x0 ../output/gpio_TS_002/result.o
 .bss           0x0000000020000004        0x0 ../output/gpio_TS_002/env.o
                0x0000000020000004                . = ALIGN (0x4)
                0x0000000020000004                _ebss = .

.result         0x0000000020000000        0x4
 *(.result)
 .result        0x0000000020000000        0x4 ../output/gpio_TS_002/result.o
                0x0000000020000000                u32Result
LOAD ../output/gpio_TS_002/gpio.o
LOAD ../output/gpio_TS_002/gpio_TS_002.o
LOAD ../output/gpio_TS_002/gpio_TC_002.o
LOAD ../output/gpio_TS_002/result.o
LOAD ../output/gpio_TS_002/env.o
OUTPUT(../output/gpio_TS_002/gpio.elf elf32-littlearm)
LOAD linker stubs

.debug_info     0x0000000000000000      0xba2
 .debug_info    0x0000000000000000      0x1dc ../output/gpio_TS_002/gpio.o
 .debug_info    0x00000000000001dc       0x82 ../output/gpio_TS_002/gpio_TS_002.o
 .debug_info    0x000000000000025e       0x7e ../output/gpio_TS_002/gpio_TC_002.o
 .debug_info    0x00000000000002dc       0x7e ../output/gpio_TS_002/result.o
 .debug_info    0x000000000000035a      0x848 ../output/gpio_TS_002/env.o

.debug_abbrev   0x0000000000000000      0x29b
 .debug_abbrev  0x0000000000000000       0x9a ../output/gpio_TS_002/gpio.o
 .debug_abbrev  0x000000000000009a       0x46 ../output/gpio_TS_002/gpio_TS_002.o
 .debug_abbrev  0x00000000000000e0       0x44 ../output/gpio_TS_002/gpio_TC_002.o
 .debug_abbrev  0x0000000000000124       0x77 ../output/gpio_TS_002/result.o
 .debug_abbrev  0x000000000000019b      0x100 ../output/gpio_TS_002/env.o

.debug_aranges  0x0000000000000000       0xa0
 .debug_aranges
                0x0000000000000000       0x20 ../output/gpio_TS_002/gpio.o
 .debug_aranges
                0x0000000000000020       0x20 ../output/gpio_TS_002/gpio_TS_002.o
 .debug_aranges
                0x0000000000000040       0x20 ../output/gpio_TS_002/gpio_TC_002.o
 .debug_aranges
                0x0000000000000060       0x20 ../output/gpio_TS_002/result.o
 .debug_aranges
                0x0000000000000080       0x20 ../output/gpio_TS_002/env.o

.debug_line     0x0000000000000000      0x5a1
 .debug_line    0x0000000000000000       0xfd ../output/gpio_TS_002/gpio.o
 .debug_line    0x00000000000000fd       0x75 ../output/gpio_TS_002/gpio_TS_002.o
 .debug_line    0x0000000000000172       0x75 ../output/gpio_TS_002/gpio_TC_002.o
 .debug_line    0x00000000000001e7       0x51 ../output/gpio_TS_002/result.o
 .debug_line    0x0000000000000238      0x369 ../output/gpio_TS_002/env.o

.debug_str      0x0000000000000000      0x9bf
 .debug_str     0x0000000000000000      0x192 ../output/gpio_TS_002/gpio.o
                                        0x1cf (size before relaxing)
 .debug_str     0x0000000000000192       0x43 ../output/gpio_TS_002/gpio_TS_002.o
                                        0x15b (size before relaxing)
 .debug_str     0x00000000000001d5       0x49 ../output/gpio_TS_002/gpio_TC_002.o
                                        0x161 (size before relaxing)
 .debug_str     0x000000000000021e       0x36 ../output/gpio_TS_002/result.o
                                         0xca (size before relaxing)
 .debug_str     0x0000000000000254      0x76b ../output/gpio_TS_002/env.o
                                        0x89f (size before relaxing)

.comment        0x0000000000000000       0x49
 .comment       0x0000000000000000       0x49 ../output/gpio_TS_002/gpio.o
                                         0x4a (size before relaxing)
 .comment       0x0000000000000049       0x4a ../output/gpio_TS_002/gpio_TS_002.o
 .comment       0x0000000000000049       0x4a ../output/gpio_TS_002/gpio_TC_002.o
 .comment       0x0000000000000049       0x4a ../output/gpio_TS_002/result.o
 .comment       0x0000000000000049       0x4a ../output/gpio_TS_002/env.o

.ARM.attributes
                0x0000000000000000       0x2d
 .ARM.attributes
                0x0000000000000000       0x2d ../output/gpio_TS_002/gpio.o
 .ARM.attributes
                0x000000000000002d       0x2d ../output/gpio_TS_002/gpio_TS_002.o
 .ARM.attributes
                0x000000000000005a       0x2d ../output/gpio_TS_002/gpio_TC_002.o
 .ARM.attributes
                0x0000000000000087       0x2d ../output/gpio_TS_002/result.o
 .ARM.attributes
                0x00000000000000b4       0x2d ../output/gpio_TS_002/env.o

.debug_frame    0x0000000000000000      0xc8c
 .debug_frame   0x0000000000000000       0x70 ../output/gpio_TS_002/gpio.o
 .debug_frame   0x0000000000000070       0x2c ../output/gpio_TS_002/gpio_TS_002.o
 .debug_frame   0x000000000000009c       0x2c ../output/gpio_TS_002/gpio_TC_002.o
 .debug_frame   0x00000000000000c8       0x58 ../output/gpio_TS_002/result.o
 .debug_frame   0x0000000000000120      0xb6c ../output/gpio_TS_002/env.o
